> Task :app:preBuild UP-TO-DATE
> Task :app:preDebugBuild UP-TO-DATE
> Task :app:mergeDebugNativeDebugMetadata NO-SOURCE
> Task :app:dataBindingMergeDependencyArtifactsDebug UP-TO-DATE
> Task :app:generateDebugResValues UP-TO-DATE
> Task :app:generateDebugResources UP-TO-DATE
> Task :app:mergeDebugResources UP-TO-DATE
> Task :app:packageDebugResources UP-TO-DATE
> Task :app:parseDebugLocalResources UP-TO-DATE
> Task :app:dataBindingGenBaseClassesDebug UP-TO-DATE
> Task :app:javaPreCompileDebug UP-TO-DATE
> Task :app:checkDebugAarMetadata UP-TO-DATE
> Task :app:mapDebugSourceSetPaths UP-TO-DATE
> Task :app:createDebugCompatibleScreenManifests UP-TO-DATE
> Task :app:extractDeepLinksDebug UP-TO-DATE
> Task :app:processDebugMainManifest UP-TO-DATE
> Task :app:processDebugManifest UP-TO-DATE
> Task :app:processDebugManifestForPackage UP-TO-DATE
> Task :app:processDebugResources UP-TO-DATE

> Task :app:compileDebugJavaWithJavac FAILED
.\gradlew : C:\Users\bhati\AndroidStudioProjects\MyApplication2\app\src
\main\java\com\testing\myapp\FollowerCountWidget.java:123: error: 
cannot find symbol
At line:1 char:1
+ .\gradlew assembleDebug > build_output.txt 2>&1
+ ~~~~~~~~~~~~~~~~~~~~~~~~~~~~~~~~~~~~~~~~~~~~~~~
    + CategoryInfo          : NotSpecified: (C:\Users\bhati\...not fin 
   d symbol:String) [], RemoteException
    + FullyQualifiedErrorId : NativeCommandError
 
        views.setViewVisibility(R.id.display_name, View.GONE);
                                    ^
  symbol:   variable display_name
  location: class id
C:\Users\bhati\AndroidStudioProjects\MyApplication2\app\src\main\java\c
om\testing\myapp\FollowerCountWidget.java:124: error: cannot find 
symbol
        views.setViewVisibility(R.id.cached_badge, View.GONE);
                                    ^
  symbol:   variable cached_badge
  location: class id
C:\Users\bhati\AndroidStudioProjects\MyApplication2\app\src\main\java\c
om\testing\myapp\FollowerCountWidget.java:143: error: cannot find 
symbol
            views.setViewVisibility(R.id.display_name, View.GONE);
                                        ^
  symbol:   variable display_name
  location: class id
C:\Users\bhati\AndroidStudioProjects\MyApplication2\app\src\main\java\c
om\testing\myapp\FollowerCountWidget.java:207: error: cannot find 
symbol
            views.setTextViewText(R.id.display_name, 
result.displayName);
                                      ^
  symbol:   variable display_name
  location: class id
C:\Users\bhati\AndroidStudioProjects\MyApplication2\app\src\main\java\c
om\testing\myapp\FollowerCountWidget.java:208: error: cannot find 
symbol
            views.setViewVisibility(R.id.display_name, View.VISIBLE);
                                        ^
  symbol:   variable display_name
  location: class id
C:\Users\bhati\AndroidStudioProjects\MyApplication2\app\src\main\java\c
om\testing\myapp\FollowerCountWidget.java:210: error: cannot find 
symbol
             views.setViewVisibility(R.id.display_name, View.GONE);
                                         ^
  symbol:   variable display_name
  location: class id
Note: Some input files use or override a deprecated API.
Note: Recompile with -Xlint:deprecation for details.
6 errors

FAILURE: Build failed with an exception.

* What went wrong:
Execution failed for task ':app:compileDebugJavaWithJavac'.
> Compilation failed; see the compiler error output for details.

* Try:
> Run with --info option to get more log output.
> Run with --scan to get full insights.

BUILD FAILED in 2s
17 actionable tasks: 1 executed, 16 up-to-date
